<html>
<body>
<pre>
<h1>µVision Build Log</h1>
<h2>Tool Versions:</h2>
IDE-Version: µVision V5.20.0.0
Copyright (C) 2016 ARM Ltd and ARM Germany GmbH. All rights reserved.
License Information: Admin Admin, ST, LIC=6XJFW-QA9FS-D1TPR-K56PU-PH1E7-0Q8RG
 
Tool Versions:
Toolchain:       MDK-ARM Professional  Version: 5.20
Toolchain Path:  C:\Keil_v5\ARM\ARMCC\Bin
C Compiler:      Armcc.exe V5.06 update 2 (build 183)
Assembler:       Armasm.exe V5.06 update 2 (build 183)
Linker/Locator:  ArmLink.exe V5.06 update 2 (build 183)
Library Manager: ArmAr.exe V5.06 update 2 (build 183)
Hex Converter:   FromElf.exe V5.06 update 2 (build 183)
CPU DLL:         SARMCM3.DLL V5.20
Dialog DLL:      DARMCM1.DLL V1.14.0.0
Target DLL:      STLink\ST-LINKIII-KEIL_SWO.dll V2.0.18.0
Dialog DLL:      TARMCM1.DLL V1.10.0.0
 
<h2>Project:</h2>
D:\nrf51822_project\ble.uvprojx
Project File Date:  06/30/2018

<h2>Output:</h2>
*** Using Compiler 'V5.06 update 2 (build 183)', folder: 'C:\Keil_v5\ARM\ARMCC\Bin'
Rebuild target 'ble'
compiling app_error.c...
compiling uart.c...
compiling main.c...
compiling ble_advdata.c...
compiling gpio.c...
assembling arm_startup_nrf51.s...
compiling softdevice_handler.c...
compiling system_nrf51.c...
linking...
Program Size: Code=4580 RO-data=228 RW-data=32 ZI-data=4264  
FromELF: creating hex file...
".\Objects\ble.axf" - 0 Error(s), 0 Warning(s).

<h2>Software Packages used:</h2>

Package Vendor: ARM
                http://www.keil.com/pack/ARM.CMSIS.5.1.1.pack
                ARM::CMSIS:CORE:5.0.2
                CMSIS (Cortex Microcontroller Software Interface Standard)
   * Component: CORE Version: 5.0.2

Package Vendor: NordicSemiconductor
                http://developer.nordicsemi.com/nRF5_SDK/pieces/nRF_DeviceFamilyPack/NordicSemiconductor.nRF_DeviceFamilyPack.8.14.1.pack
                NordicSemiconductor::Device:StartupConfig:8.14.1
                Nordic Semiconductor nRF ARM devices Device Family Pack.
   * Component: StartupConfig Version: 8.14.1
   * Component: Startup Version: 8.14.1

<h2>Collection of Component include folders:</h2>
  D:\nrf51822_project\RTE
  D:\nrf51822_project\RTE\Device\nRF51822_xxAC
  C:\Keil_v5\ARM\PACK\ARM\CMSIS\5.1.1\CMSIS\Include
  C:\Keil_v5\ARM\PACK\NordicSemiconductor\nRF_DeviceFamilyPack\8.14.1\Device\Include

<h2>Collection of Component Files used:</h2>

   * Component: ARM::CMSIS:CORE:5.0.2

   * Component: NordicSemiconductor::Device:StartupConfig:8.14.1
      Include file:  Device\Source\startup_config.h

   * Component: NordicSemiconductor::Device:Startup:8.14.1
      Source file:   Device\Source\system_nrf51.c
      Source file:   Device\Source\arm\arm_startup_nrf51.s
      Include file:  Device\Include\system_nrf51.h
Build Time Elapsed:  00:00:01
</pre>
</body>
</html>
