Component: ARM Compiler 5.06 update 2 (build 183) Tool: armlink [4d35b7]

==============================================================================

Section Cross References

    main.o(i.advertising_init) refers to rt_memclr.o(.text) for __aeabi_memclr4
    main.o(i.advertising_init) refers to ble_advdata.o(i.ble_advdata_set) for ble_advdata_set
    main.o(i.advertising_init) refers to main.o(.constdata) for .constdata
    main.o(i.main) refers to main.o(i.nrf_gpio_cfg_output) for nrf_gpio_cfg_output
    main.o(i.main) refers to main.o(i.advertising_init) for advertising_init
    main.o(i.main) refers to uart.o(i.uartInit) for uartInit
    uart.o(i.UART0_IRQHandler) refers to uart.o(i.nrf_uart_event_check) for nrf_uart_event_check
    uart.o(i.UART0_IRQHandler) refers to uart.o(i.nrf_uart_event_clear) for nrf_uart_event_clear
    uart.o(i.UART0_IRQHandler) refers to uart.o(i.uartTxChar) for uartTxChar
    uart.o(i.UART0_IRQHandler) refers to uart.o(.data) for uart_data
    uart.o(i.uartInit) refers to uart.o(i.nrf_gpio_cfg) for nrf_gpio_cfg
    uart.o(i.uartInit) refers to uart.o(i.NVIC_SetPriority) for NVIC_SetPriority
    uart.o(i.uartInit) refers to uart.o(i.nrf_uart_task_trigger) for nrf_uart_task_trigger
    uart.o(i.uartTxBuf) refers to uart.o(i.uartTxChar) for uartTxChar
    uart.o(i.uartTxChar) refers to uart.o(i.nrf_uart_task_trigger) for nrf_uart_task_trigger
    uart.o(i.uartTxChar) refers to uart.o(i.nrf_uart_event_clear) for nrf_uart_event_clear
    uart.o(i.uartTxChar) refers to uart.o(i.nrf_uart_event_check) for nrf_uart_event_check
    uart.o(i.uartTxStr) refers to uart.o(i.uartTxChar) for uartTxChar
    ble_advdata.o(i.adv_data_encode) refers to ble_advdata.o(i.sec_mgr_oob_flags_encode) for sec_mgr_oob_flags_encode
    ble_advdata.o(i.adv_data_encode) refers to ble_advdata.o(i.tk_value_encode) for tk_value_encode
    ble_advdata.o(i.adv_data_encode) refers to ble_advdata.o(i.le_role_encode) for le_role_encode
    ble_advdata.o(i.adv_data_encode) refers to ble_advdata.o(i.ble_device_addr_encode) for ble_device_addr_encode
    ble_advdata.o(i.adv_data_encode) refers to ble_advdata.o(i.appearance_encode) for appearance_encode
    ble_advdata.o(i.adv_data_encode) refers to ble_advdata.o(i.flags_encode) for flags_encode
    ble_advdata.o(i.adv_data_encode) refers to ble_advdata.o(i.tx_power_level_encode) for tx_power_level_encode
    ble_advdata.o(i.adv_data_encode) refers to ble_advdata.o(i.uuid_list_encode) for uuid_list_encode
    ble_advdata.o(i.adv_data_encode) refers to ble_advdata.o(i.conn_int_encode) for conn_int_encode
    ble_advdata.o(i.adv_data_encode) refers to ble_advdata.o(i.manuf_specific_data_encode) for manuf_specific_data_encode
    ble_advdata.o(i.adv_data_encode) refers to ble_advdata.o(i.service_data_encode) for service_data_encode
    ble_advdata.o(i.adv_data_encode) refers to ble_advdata.o(i.name_encode) for name_encode
    ble_advdata.o(i.appearance_encode) refers to ble_advdata.o(i.uint16_encode) for uint16_encode
    ble_advdata.o(i.ble_advdata_set) refers to ble_advdata.o(i.advdata_check) for advdata_check
    ble_advdata.o(i.ble_advdata_set) refers to ble_advdata.o(i.adv_data_encode) for adv_data_encode
    ble_advdata.o(i.ble_advdata_set) refers to ble_advdata.o(i.srdata_check) for srdata_check
    ble_advdata.o(i.ble_device_addr_encode) refers to rt_memcpy.o(.text) for __aeabi_memcpy
    ble_advdata.o(i.conn_int_encode) refers to ble_advdata.o(i.conn_int_check) for conn_int_check
    ble_advdata.o(i.conn_int_encode) refers to ble_advdata.o(i.uint16_encode) for uint16_encode
    ble_advdata.o(i.manuf_specific_data_encode) refers to ble_advdata.o(i.uint16_encode) for uint16_encode
    ble_advdata.o(i.manuf_specific_data_encode) refers to rt_memcpy.o(.text) for __aeabi_memcpy
    ble_advdata.o(i.service_data_encode) refers to ble_advdata.o(i.uint16_encode) for uint16_encode
    ble_advdata.o(i.service_data_encode) refers to rt_memcpy.o(.text) for __aeabi_memcpy
    ble_advdata.o(i.uuid_list_encode) refers to ble_advdata.o(i.uuid_list_sized_encode) for uuid_list_sized_encode
    arm_startup_nrf51.o(STACK) refers (Special) to heapauxi.o(.text) for __use_two_region_memory
    arm_startup_nrf51.o(HEAP) refers (Special) to heapauxi.o(.text) for __use_two_region_memory
    arm_startup_nrf51.o(RESET) refers (Special) to heapauxi.o(.text) for __use_two_region_memory
    arm_startup_nrf51.o(RESET) refers to arm_startup_nrf51.o(STACK) for __initial_sp
    arm_startup_nrf51.o(RESET) refers to arm_startup_nrf51.o(.text) for Reset_Handler
    arm_startup_nrf51.o(RESET) refers to uart.o(i.UART0_IRQHandler) for UART0_IRQHandler
    arm_startup_nrf51.o(.text) refers (Special) to heapauxi.o(.text) for __use_two_region_memory
    arm_startup_nrf51.o(.text) refers to system_nrf51_1.o(i.SystemInit) for SystemInit
    arm_startup_nrf51.o(.text) refers to __main.o(!!!main) for __main
    arm_startup_nrf51.o(.text) refers to arm_startup_nrf51.o(HEAP) for Heap_Mem
    arm_startup_nrf51.o(.text) refers to arm_startup_nrf51.o(STACK) for Stack_Mem
    system_nrf51_1.o(i.SystemCoreClockUpdate) refers to system_nrf51_1.o(.data) for SystemCoreClock
    system_nrf51_1.o(i.SystemInit) refers to system_nrf51_1.o(i.is_manual_peripheral_setup_needed) for is_manual_peripheral_setup_needed
    system_nrf51_1.o(i.SystemInit) refers to system_nrf51_1.o(i.is_disabled_in_debug_needed) for is_disabled_in_debug_needed
    system_nrf51_1.o(i.SystemInit) refers to system_nrf51_1.o(i.is_peripheral_domain_setup_needed) for is_peripheral_domain_setup_needed
    rt_memcpy.o(.text) refers to rt_memcpy.o(.emb_text) for __aeabi_memcpy4
    __main.o(!!!main) refers to __rtentry.o(.ARM.Collect$$rtentry$$00000000) for __rt_entry
    __rtentry.o(.ARM.Collect$$rtentry$$00000000) refers (Special) to __rtentry2.o(.ARM.Collect$$rtentry$$0000000A) for __rt_entry_li
    __rtentry.o(.ARM.Collect$$rtentry$$00000000) refers (Special) to __rtentry2.o(.ARM.Collect$$rtentry$$0000000D) for __rt_entry_main
    __rtentry.o(.ARM.Collect$$rtentry$$00000000) refers (Special) to __rtentry2.o(.ARM.Collect$$rtentry$$0000000C) for __rt_entry_postli_1
    __rtentry.o(.ARM.Collect$$rtentry$$00000000) refers (Special) to __rtentry2.o(.ARM.Collect$$rtentry$$00000009) for __rt_entry_postsh_1
    __rtentry.o(.ARM.Collect$$rtentry$$00000000) refers (Special) to __rtentry2.o(.ARM.Collect$$rtentry$$00000002) for __rt_entry_presh_1
    __rtentry.o(.ARM.Collect$$rtentry$$00000000) refers (Special) to __rtentry4.o(.ARM.Collect$$rtentry$$00000004) for __rt_entry_sh
    __rtentry2.o(.ARM.Collect$$rtentry$$00000008) refers to boardinit2.o(.text) for _platform_post_stackheap_init
    __rtentry2.o(.ARM.Collect$$rtentry$$0000000A) refers to libinit.o(.ARM.Collect$$libinit$$00000000) for __rt_lib_init
    __rtentry2.o(.ARM.Collect$$rtentry$$0000000B) refers to boardinit3.o(.text) for _platform_post_lib_init
    __rtentry2.o(.ARM.Collect$$rtentry$$0000000D) refers to main.o(i.main) for main
    __rtentry2.o(.ARM.Collect$$rtentry$$0000000D) refers to exit.o(.text) for exit
    __rtentry2.o(.ARM.exidx) refers to __rtentry2.o(.ARM.Collect$$rtentry$$00000001) for .ARM.Collect$$rtentry$$00000001
    __rtentry2.o(.ARM.exidx) refers to __rtentry2.o(.ARM.Collect$$rtentry$$00000008) for .ARM.Collect$$rtentry$$00000008
    __rtentry2.o(.ARM.exidx) refers to __rtentry2.o(.ARM.Collect$$rtentry$$0000000A) for .ARM.Collect$$rtentry$$0000000A
    __rtentry2.o(.ARM.exidx) refers to __rtentry2.o(.ARM.Collect$$rtentry$$0000000B) for .ARM.Collect$$rtentry$$0000000B
    __rtentry2.o(.ARM.exidx) refers to __rtentry2.o(.ARM.Collect$$rtentry$$0000000D) for .ARM.Collect$$rtentry$$0000000D
    __rtentry4.o(.ARM.Collect$$rtentry$$00000004) refers to sys_stackheap_outer.o(.text) for __user_setup_stackheap
    __rtentry4.o(.ARM.exidx) refers to __rtentry4.o(.ARM.Collect$$rtentry$$00000004) for .ARM.Collect$$rtentry$$00000004
    sys_stackheap_outer.o(.text) refers to libspace.o(.text) for __user_perproc_libspace
    sys_stackheap_outer.o(.text) refers to arm_startup_nrf51.o(.text) for __user_initial_stackheap
    sys_stackheap_outer.o(__vectab_stack_and_reset_area) refers to tempstk.o(.text) for __temporary_stack_top
    sys_stackheap_outer.o(__vectab_stack_and_reset_area) refers to __main.o(!!!main) for __main
    exit.o(.text) refers to rtexit.o(.ARM.Collect$$rtexit$$00000000) for __rt_exit
    libinit.o(.ARM.Collect$$libinit$$00000000) refers (Special) to libinit2.o(.ARM.Collect$$libinit$$0000002E) for __rt_lib_init_alloca_1
    libinit.o(.ARM.Collect$$libinit$$00000000) refers (Special) to libinit2.o(.ARM.Collect$$libinit$$0000002C) for __rt_lib_init_argv_1
    libinit.o(.ARM.Collect$$libinit$$00000000) refers (Special) to libinit2.o(.ARM.Collect$$libinit$$0000001B) for __rt_lib_init_atexit_1
    libinit.o(.ARM.Collect$$libinit$$00000000) refers (Special) to libinit2.o(.ARM.Collect$$libinit$$00000021) for __rt_lib_init_clock_1
    libinit.o(.ARM.Collect$$libinit$$00000000) refers (Special) to libinit2.o(.ARM.Collect$$libinit$$00000032) for __rt_lib_init_cpp_1
    libinit.o(.ARM.Collect$$libinit$$00000000) refers (Special) to libinit2.o(.ARM.Collect$$libinit$$00000030) for __rt_lib_init_exceptions_1
    libinit.o(.ARM.Collect$$libinit$$00000000) refers (Special) to libinit2.o(.ARM.Collect$$libinit$$00000002) for __rt_lib_init_fp_1
    libinit.o(.ARM.Collect$$libinit$$00000000) refers (Special) to libinit2.o(.ARM.Collect$$libinit$$0000001F) for __rt_lib_init_fp_trap_1
    libinit.o(.ARM.Collect$$libinit$$00000000) refers (Special) to libinit2.o(.ARM.Collect$$libinit$$00000023) for __rt_lib_init_getenv_1
    libinit.o(.ARM.Collect$$libinit$$00000000) refers (Special) to libinit2.o(.ARM.Collect$$libinit$$0000000A) for __rt_lib_init_heap_1
    libinit.o(.ARM.Collect$$libinit$$00000000) refers (Special) to libinit2.o(.ARM.Collect$$libinit$$00000011) for __rt_lib_init_lc_collate_1
    libinit.o(.ARM.Collect$$libinit$$00000000) refers (Special) to libinit2.o(.ARM.Collect$$libinit$$00000013) for __rt_lib_init_lc_ctype_1
    libinit.o(.ARM.Collect$$libinit$$00000000) refers (Special) to libinit2.o(.ARM.Collect$$libinit$$00000015) for __rt_lib_init_lc_monetary_1
    libinit.o(.ARM.Collect$$libinit$$00000000) refers (Special) to libinit2.o(.ARM.Collect$$libinit$$00000017) for __rt_lib_init_lc_numeric_1
    libinit.o(.ARM.Collect$$libinit$$00000000) refers (Special) to libinit2.o(.ARM.Collect$$libinit$$00000019) for __rt_lib_init_lc_time_1
    libinit.o(.ARM.Collect$$libinit$$00000000) refers (Special) to libinit2.o(.ARM.Collect$$libinit$$00000004) for __rt_lib_init_preinit_1
    libinit.o(.ARM.Collect$$libinit$$00000000) refers (Special) to libinit2.o(.ARM.Collect$$libinit$$0000000E) for __rt_lib_init_rand_1
    libinit.o(.ARM.Collect$$libinit$$00000000) refers (Special) to libinit2.o(.ARM.Collect$$libinit$$00000033) for __rt_lib_init_return
    libinit.o(.ARM.Collect$$libinit$$00000000) refers (Special) to libinit2.o(.ARM.Collect$$libinit$$0000001D) for __rt_lib_init_signal_1
    libinit.o(.ARM.Collect$$libinit$$00000000) refers (Special) to libinit2.o(.ARM.Collect$$libinit$$00000025) for __rt_lib_init_stdio_1
    libinit.o(.ARM.Collect$$libinit$$00000000) refers (Special) to libinit2.o(.ARM.Collect$$libinit$$0000000C) for __rt_lib_init_user_alloc_1
    libspace.o(.text) refers to libspace.o(.bss) for __libspace_start
    rtexit.o(.ARM.Collect$$rtexit$$00000000) refers (Special) to rtexit2.o(.ARM.Collect$$rtexit$$00000004) for __rt_exit_exit
    rtexit.o(.ARM.Collect$$rtexit$$00000000) refers (Special) to rtexit2.o(.ARM.Collect$$rtexit$$00000003) for __rt_exit_ls
    rtexit.o(.ARM.Collect$$rtexit$$00000000) refers (Special) to rtexit2.o(.ARM.Collect$$rtexit$$00000002) for __rt_exit_prels_1
    rtexit.o(.ARM.exidx) refers (Special) to rtexit2.o(.ARM.Collect$$rtexit$$00000004) for __rt_exit_exit
    rtexit.o(.ARM.exidx) refers (Special) to rtexit2.o(.ARM.Collect$$rtexit$$00000003) for __rt_exit_ls
    rtexit.o(.ARM.exidx) refers (Special) to rtexit2.o(.ARM.Collect$$rtexit$$00000002) for __rt_exit_prels_1
    rtexit.o(.ARM.exidx) refers to rtexit.o(.ARM.Collect$$rtexit$$00000000) for .ARM.Collect$$rtexit$$00000000
    libinit2.o(.ARM.Collect$$libinit$$00000010) refers to libinit2.o(.ARM.Collect$$libinit$$0000000F) for .ARM.Collect$$libinit$$0000000F
    libinit2.o(.ARM.Collect$$libinit$$00000012) refers to libinit2.o(.ARM.Collect$$libinit$$0000000F) for .ARM.Collect$$libinit$$0000000F
    libinit2.o(.ARM.Collect$$libinit$$00000014) refers to libinit2.o(.ARM.Collect$$libinit$$0000000F) for .ARM.Collect$$libinit$$0000000F
    libinit2.o(.ARM.Collect$$libinit$$00000016) refers to libinit2.o(.ARM.Collect$$libinit$$0000000F) for .ARM.Collect$$libinit$$0000000F
    libinit2.o(.ARM.Collect$$libinit$$00000018) refers to libinit2.o(.ARM.Collect$$libinit$$0000000F) for .ARM.Collect$$libinit$$0000000F
    libinit2.o(.ARM.Collect$$libinit$$00000026) refers to argv_veneer.o(.text) for __ARM_argv_veneer
    libinit2.o(.ARM.Collect$$libinit$$00000027) refers to argv_veneer.o(.text) for __ARM_argv_veneer
    rtexit2.o(.ARM.Collect$$rtexit$$00000003) refers to libshutdown.o(.ARM.Collect$$libshutdown$$00000000) for __rt_lib_shutdown
    rtexit2.o(.ARM.Collect$$rtexit$$00000004) refers to sys_exit.o(.text) for _sys_exit
    rtexit2.o(.ARM.exidx) refers to rtexit2.o(.ARM.Collect$$rtexit$$00000001) for .ARM.Collect$$rtexit$$00000001
    rtexit2.o(.ARM.exidx) refers to rtexit2.o(.ARM.Collect$$rtexit$$00000003) for .ARM.Collect$$rtexit$$00000003
    rtexit2.o(.ARM.exidx) refers to rtexit2.o(.ARM.Collect$$rtexit$$00000004) for .ARM.Collect$$rtexit$$00000004
    sys_exit.o(.text) refers (Special) to use_no_semi.o(.text) for __I$use$semihosting
    sys_exit.o(.text) refers (Special) to indicate_semi.o(.text) for __semihosting_library_function
    _get_argv_nomalloc.o(.text) refers (Special) to hrguard.o(.text) for __heap_region$guard
    _get_argv_nomalloc.o(.text) refers to defsig_rtmem_outer.o(.text) for __rt_SIGRTMEM
    _get_argv_nomalloc.o(.text) refers to sys_command.o(.text) for _sys_command_string
    libshutdown.o(.ARM.Collect$$libshutdown$$00000000) refers (Special) to libshutdown2.o(.ARM.Collect$$libshutdown$$00000002) for __rt_lib_shutdown_cpp_1
    libshutdown.o(.ARM.Collect$$libshutdown$$00000000) refers (Special) to libshutdown2.o(.ARM.Collect$$libshutdown$$00000007) for __rt_lib_shutdown_fp_trap_1
    libshutdown.o(.ARM.Collect$$libshutdown$$00000000) refers (Special) to libshutdown2.o(.ARM.Collect$$libshutdown$$0000000F) for __rt_lib_shutdown_heap_1
    libshutdown.o(.ARM.Collect$$libshutdown$$00000000) refers (Special) to libshutdown2.o(.ARM.Collect$$libshutdown$$00000010) for __rt_lib_shutdown_return
    libshutdown.o(.ARM.Collect$$libshutdown$$00000000) refers (Special) to libshutdown2.o(.ARM.Collect$$libshutdown$$0000000A) for __rt_lib_shutdown_signal_1
    libshutdown.o(.ARM.Collect$$libshutdown$$00000000) refers (Special) to libshutdown2.o(.ARM.Collect$$libshutdown$$00000004) for __rt_lib_shutdown_stdio_1
    libshutdown.o(.ARM.Collect$$libshutdown$$00000000) refers (Special) to libshutdown2.o(.ARM.Collect$$libshutdown$$0000000C) for __rt_lib_shutdown_user_alloc_1
    sys_command.o(.text) refers (Special) to use_no_semi.o(.text) for __I$use$semihosting
    sys_command.o(.text) refers (Special) to indicate_semi.o(.text) for __semihosting_library_function
    defsig_rtmem_outer.o(.text) refers to defsig_rtmem_inner.o(.text) for __rt_SIGRTMEM_inner
    defsig_rtmem_outer.o(.text) refers to defsig_exit.o(.text) for __sig_exit
    defsig_rtmem_formal.o(.text) refers to rt_raise.o(.text) for __rt_raise
    rt_raise.o(.text) refers to __raise.o(.text) for __raise
    rt_raise.o(.text) refers to sys_exit.o(.text) for _sys_exit
    defsig_exit.o(.text) refers to sys_exit.o(.text) for _sys_exit
    defsig_rtmem_inner.o(.text) refers to defsig_general.o(.text) for __default_signal_display
    __raise.o(.text) refers to defsig.o(CL$$defsig) for __default_signal_handler
    defsig_general.o(.text) refers to sys_wrch.o(.text) for _ttywrch
    sys_wrch.o(.text) refers (Special) to use_no_semi.o(.text) for __I$use$semihosting
    sys_wrch.o(.text) refers (Special) to indicate_semi.o(.text) for __semihosting_library_function
    defsig.o(CL$$defsig) refers to defsig_rtmem_inner.o(.text) for __rt_SIGRTMEM_inner
    defsig_abrt_inner.o(.text) refers to defsig_general.o(.text) for __default_signal_display
    defsig_fpe_inner.o(.text) refers to defsig_general.o(.text) for __default_signal_display
    defsig_rtred_inner.o(.text) refers to defsig_general.o(.text) for __default_signal_display
    defsig_stak_inner.o(.text) refers to defsig_general.o(.text) for __default_signal_display
    defsig_pvfn_inner.o(.text) refers to defsig_general.o(.text) for __default_signal_display
    defsig_cppl_inner.o(.text) refers to defsig_general.o(.text) for __default_signal_display
    defsig_segv_inner.o(.text) refers to defsig_general.o(.text) for __default_signal_display
    defsig_other.o(.text) refers to defsig_general.o(.text) for __default_signal_display


==============================================================================

Removing Unused input sections from the image.

    Removing main.o(.rev16_text), (4 bytes).
    Removing main.o(.revsh_text), (4 bytes).
    Removing main.o(.data), (4 bytes).
    Removing app_error.o(.rev16_text), (4 bytes).
    Removing app_error.o(.revsh_text), (4 bytes).
    Removing app_error.o(i.app_error_handler), (32 bytes).
    Removing uart.o(.rev16_text), (4 bytes).
    Removing uart.o(.revsh_text), (4 bytes).
    Removing uart.o(i.uartTxBuf), (28 bytes).
    Removing uart.o(i.uartTxStr), (22 bytes).
    Removing system_nrf51_1.o(.rev16_text), (4 bytes).
    Removing system_nrf51_1.o(.revsh_text), (4 bytes).
    Removing system_nrf51_1.o(i.SystemCoreClockUpdate), (16 bytes).

13 unused section(s) (total 134 bytes) removed from the image.

==============================================================================

Image Symbol Table

    Local Symbols

    Symbol Name                              Value     Ov Type        Size  Object(Section)

    ../clib/angel/boardlib.s                 0x00000000   Number         0  boardinit2.o ABSOLUTE
    ../clib/angel/boardlib.s                 0x00000000   Number         0  boardinit3.o ABSOLUTE
    ../clib/angel/boardlib.s                 0x00000000   Number         0  boardinit1.o ABSOLUTE
    ../clib/angel/boardlib.s                 0x00000000   Number         0  boardshut.o ABSOLUTE
    ../clib/angel/handlers.s                 0x00000000   Number         0  __scatter_zi.o ABSOLUTE
    ../clib/angel/handlers.s                 0x00000000   Number         0  __scatter_copy.o ABSOLUTE
    ../clib/angel/kernel.s                   0x00000000   Number         0  __rtentry2.o ABSOLUTE
    ../clib/angel/kernel.s                   0x00000000   Number         0  __rtentry4.o ABSOLUTE
    ../clib/angel/kernel.s                   0x00000000   Number         0  __rtentry.o ABSOLUTE
    ../clib/angel/kernel.s                   0x00000000   Number         0  rtexit.o ABSOLUTE
    ../clib/angel/kernel.s                   0x00000000   Number         0  rtexit2.o ABSOLUTE
    ../clib/angel/rt.s                       0x00000000   Number         0  rt_raise.o ABSOLUTE
    ../clib/angel/scatterp.s                 0x00000000   Number         0  __scatter.o ABSOLUTE
    ../clib/angel/startup.s                  0x00000000   Number         0  __main.o ABSOLUTE
    ../clib/angel/sys.s                      0x00000000   Number         0  use_no_semi.o ABSOLUTE
    ../clib/angel/sys.s                      0x00000000   Number         0  libspace.o ABSOLUTE
    ../clib/angel/sys.s                      0x00000000   Number         0  tempstk.o ABSOLUTE
    ../clib/angel/sys.s                      0x00000000   Number         0  sys_stackheap_outer.o ABSOLUTE
    ../clib/angel/sys.s                      0x00000000   Number         0  indicate_semi.o ABSOLUTE
    ../clib/angel/sysapp.c                   0x00000000   Number         0  sys_command.o ABSOLUTE
    ../clib/angel/sysapp.c                   0x00000000   Number         0  sys_wrch.o ABSOLUTE
    ../clib/angel/sysapp.c                   0x00000000   Number         0  sys_exit.o ABSOLUTE
    ../clib/armsys.c                         0x00000000   Number         0  argv_veneer.o ABSOLUTE
    ../clib/armsys.c                         0x00000000   Number         0  no_argv.o ABSOLUTE
    ../clib/armsys.c                         0x00000000   Number         0  _get_argv_nomalloc.o ABSOLUTE
    ../clib/heapalloc.c                      0x00000000   Number         0  hrguard.o ABSOLUTE
    ../clib/heapaux.c                        0x00000000   Number         0  heapauxi.o ABSOLUTE
    ../clib/libinit.s                        0x00000000   Number         0  libinit2.o ABSOLUTE
    ../clib/libinit.s                        0x00000000   Number         0  libshutdown2.o ABSOLUTE
    ../clib/libinit.s                        0x00000000   Number         0  libshutdown.o ABSOLUTE
    ../clib/libinit.s                        0x00000000   Number         0  libinit.o ABSOLUTE
    ../clib/memcpset.c                       0x00000000   Number         0  rt_memcpy.o ABSOLUTE
    ../clib/memcpset.c                       0x00000000   Number         0  rt_memclr.o ABSOLUTE
    ../clib/memcpset.c                       0x00000000   Number         0  rt_memcpy.o ABSOLUTE
    ../clib/signal.c                         0x00000000   Number         0  defsig_stak_inner.o ABSOLUTE
    ../clib/signal.c                         0x00000000   Number         0  defsig_rtred_inner.o ABSOLUTE
    ../clib/signal.c                         0x00000000   Number         0  defsig_fpe_inner.o ABSOLUTE
    ../clib/signal.c                         0x00000000   Number         0  defsig_abrt_inner.o ABSOLUTE
    ../clib/signal.c                         0x00000000   Number         0  __raise.o ABSOLUTE
    ../clib/signal.c                         0x00000000   Number         0  defsig_rtmem_inner.o ABSOLUTE
    ../clib/signal.c                         0x00000000   Number         0  defsig_general.o ABSOLUTE
    ../clib/signal.c                         0x00000000   Number         0  defsig_exit.o ABSOLUTE
    ../clib/signal.c                         0x00000000   Number         0  defsig_other.o ABSOLUTE
    ../clib/signal.c                         0x00000000   Number         0  defsig_segv_inner.o ABSOLUTE
    ../clib/signal.c                         0x00000000   Number         0  defsig_cppl_inner.o ABSOLUTE
    ../clib/signal.c                         0x00000000   Number         0  defsig_pvfn_inner.o ABSOLUTE
    ../clib/signal.c                         0x00000000   Number         0  defsig_rtmem_formal.o ABSOLUTE
    ../clib/signal.c                         0x00000000   Number         0  defsig_rtmem_outer.o ABSOLUTE
    ../clib/signal.s                         0x00000000   Number         0  defsig.o ABSOLUTE
    ../clib/stdlib.c                         0x00000000   Number         0  exit.o ABSOLUTE
    ../fplib/cfplib/fpinit.c                 0x00000000   Number         0  fpinit.o ABSOLUTE
    RTE\Device\nRF51822_xxAC\arm_startup_nrf51.s 0x00000000   Number         0  arm_startup_nrf51.o ABSOLUTE
    RTE\Device\nRF51822_xxAC\system_nrf51.c  0x00000000   Number         0  system_nrf51_1.o ABSOLUTE
    RTE\\Device\\nRF51822_xxAC\\system_nrf51.c 0x00000000   Number         0  system_nrf51_1.o ABSOLUTE
    components\\libraries\\util\\app_error.c 0x00000000   Number         0  app_error.o ABSOLUTE
    components\ble\common\ble_advdata.c      0x00000000   Number         0  ble_advdata.o ABSOLUTE
    components\libraries\util\app_error.c    0x00000000   Number         0  app_error.o ABSOLUTE
    dc.s                                     0x00000000   Number         0  dc.o ABSOLUTE
    lib\\uart.c                              0x00000000   Number         0  uart.o ABSOLUTE
    lib\uart.c                               0x00000000   Number         0  uart.o ABSOLUTE
    main.c                                   0x00000000   Number         0  main.o ABSOLUTE
    main.c                                   0x00000000   Number         0  main.o ABSOLUTE
    RESET                                    0x00018000   Section      192  arm_startup_nrf51.o(RESET)
    !!!main                                  0x000180c0   Section        8  __main.o(!!!main)
    !!!scatter                               0x000180c8   Section       60  __scatter.o(!!!scatter)
    !!handler_copy                           0x00018104   Section       26  __scatter_copy.o(!!handler_copy)
    !!handler_zi                             0x00018120   Section       28  __scatter_zi.o(!!handler_zi)
    .ARM.Collect$$libinit$$00000000          0x0001813c   Section        2  libinit.o(.ARM.Collect$$libinit$$00000000)
    .ARM.Collect$$libinit$$00000002          0x0001813e   Section        0  libinit2.o(.ARM.Collect$$libinit$$00000002)
    .ARM.Collect$$libinit$$00000004          0x0001813e   Section        0  libinit2.o(.ARM.Collect$$libinit$$00000004)
    .ARM.Collect$$libinit$$0000000A          0x0001813e   Section        0  libinit2.o(.ARM.Collect$$libinit$$0000000A)
    .ARM.Collect$$libinit$$0000000C          0x0001813e   Section        0  libinit2.o(.ARM.Collect$$libinit$$0000000C)
    .ARM.Collect$$libinit$$0000000E          0x0001813e   Section        0  libinit2.o(.ARM.Collect$$libinit$$0000000E)
    .ARM.Collect$$libinit$$00000011          0x0001813e   Section        0  libinit2.o(.ARM.Collect$$libinit$$00000011)
    .ARM.Collect$$libinit$$00000013          0x0001813e   Section        0  libinit2.o(.ARM.Collect$$libinit$$00000013)
    .ARM.Collect$$libinit$$00000015          0x0001813e   Section        0  libinit2.o(.ARM.Collect$$libinit$$00000015)
    .ARM.Collect$$libinit$$00000017          0x0001813e   Section        0  libinit2.o(.ARM.Collect$$libinit$$00000017)
    .ARM.Collect$$libinit$$00000019          0x0001813e   Section        0  libinit2.o(.ARM.Collect$$libinit$$00000019)
    .ARM.Collect$$libinit$$0000001B          0x0001813e   Section        0  libinit2.o(.ARM.Collect$$libinit$$0000001B)
    .ARM.Collect$$libinit$$0000001D          0x0001813e   Section        0  libinit2.o(.ARM.Collect$$libinit$$0000001D)
    .ARM.Collect$$libinit$$0000001F          0x0001813e   Section        0  libinit2.o(.ARM.Collect$$libinit$$0000001F)
    .ARM.Collect$$libinit$$00000021          0x0001813e   Section        0  libinit2.o(.ARM.Collect$$libinit$$00000021)
    .ARM.Collect$$libinit$$00000023          0x0001813e   Section        0  libinit2.o(.ARM.Collect$$libinit$$00000023)
    .ARM.Collect$$libinit$$00000025          0x0001813e   Section        0  libinit2.o(.ARM.Collect$$libinit$$00000025)
    .ARM.Collect$$libinit$$0000002C          0x0001813e   Section        0  libinit2.o(.ARM.Collect$$libinit$$0000002C)
    .ARM.Collect$$libinit$$0000002E          0x0001813e   Section        0  libinit2.o(.ARM.Collect$$libinit$$0000002E)
    .ARM.Collect$$libinit$$00000030          0x0001813e   Section        0  libinit2.o(.ARM.Collect$$libinit$$00000030)
    .ARM.Collect$$libinit$$00000032          0x0001813e   Section        0  libinit2.o(.ARM.Collect$$libinit$$00000032)
    .ARM.Collect$$libinit$$00000033          0x0001813e   Section        2  libinit2.o(.ARM.Collect$$libinit$$00000033)
    .ARM.Collect$$libshutdown$$00000000      0x00018140   Section        2  libshutdown.o(.ARM.Collect$$libshutdown$$00000000)
    .ARM.Collect$$libshutdown$$00000002      0x00018142   Section        0  libshutdown2.o(.ARM.Collect$$libshutdown$$00000002)
    .ARM.Collect$$libshutdown$$00000004      0x00018142   Section        0  libshutdown2.o(.ARM.Collect$$libshutdown$$00000004)
    .ARM.Collect$$libshutdown$$00000007      0x00018142   Section        0  libshutdown2.o(.ARM.Collect$$libshutdown$$00000007)
    .ARM.Collect$$libshutdown$$0000000A      0x00018142   Section        0  libshutdown2.o(.ARM.Collect$$libshutdown$$0000000A)
    .ARM.Collect$$libshutdown$$0000000C      0x00018142   Section        0  libshutdown2.o(.ARM.Collect$$libshutdown$$0000000C)
    .ARM.Collect$$libshutdown$$0000000F      0x00018142   Section        0  libshutdown2.o(.ARM.Collect$$libshutdown$$0000000F)
    .ARM.Collect$$libshutdown$$00000010      0x00018142   Section        2  libshutdown2.o(.ARM.Collect$$libshutdown$$00000010)
    .ARM.Collect$$rtentry$$00000000          0x00018144   Section        0  __rtentry.o(.ARM.Collect$$rtentry$$00000000)
    .ARM.Collect$$rtentry$$00000002          0x00018144   Section        0  __rtentry2.o(.ARM.Collect$$rtentry$$00000002)
    .ARM.Collect$$rtentry$$00000004          0x00018144   Section        6  __rtentry4.o(.ARM.Collect$$rtentry$$00000004)
    .ARM.Collect$$rtentry$$00000009          0x0001814a   Section        0  __rtentry2.o(.ARM.Collect$$rtentry$$00000009)
    .ARM.Collect$$rtentry$$0000000A          0x0001814a   Section        4  __rtentry2.o(.ARM.Collect$$rtentry$$0000000A)
    .ARM.Collect$$rtentry$$0000000C          0x0001814e   Section        0  __rtentry2.o(.ARM.Collect$$rtentry$$0000000C)
    .ARM.Collect$$rtentry$$0000000D          0x0001814e   Section        8  __rtentry2.o(.ARM.Collect$$rtentry$$0000000D)
    .ARM.Collect$$rtexit$$00000000           0x00018156   Section        2  rtexit.o(.ARM.Collect$$rtexit$$00000000)
    .ARM.Collect$$rtexit$$00000002           0x00018158   Section        0  rtexit2.o(.ARM.Collect$$rtexit$$00000002)
    .ARM.Collect$$rtexit$$00000003           0x00018158   Section        4  rtexit2.o(.ARM.Collect$$rtexit$$00000003)
    .ARM.Collect$$rtexit$$00000004           0x0001815c   Section        6  rtexit2.o(.ARM.Collect$$rtexit$$00000004)
    .emb_text                                0x00018164   Section       56  rt_memcpy.o(.emb_text)
    .text                                    0x0001819c   Section       84  arm_startup_nrf51.o(.text)
    .text                                    0x000181f0   Section        0  rt_memcpy.o(.text)
    .text                                    0x00018272   Section        0  rt_memclr.o(.text)
    .text                                    0x000182b2   Section        0  heapauxi.o(.text)
    .text                                    0x000182b8   Section       62  sys_stackheap_outer.o(.text)
    .text                                    0x000182f6   Section        0  exit.o(.text)
    .text                                    0x00018308   Section        8  libspace.o(.text)
    .text                                    0x00018310   Section        0  sys_exit.o(.text)
    .text                                    0x0001831c   Section        2  use_no_semi.o(.text)
    .text                                    0x0001831e   Section        0  indicate_semi.o(.text)
    i.NVIC_SetPriority                       0x00018320   Section        0  uart.o(i.NVIC_SetPriority)
    NVIC_SetPriority                         0x00018321   Thumb Code   110  uart.o(i.NVIC_SetPriority)
    i.SystemInit                             0x00018398   Section        0  system_nrf51_1.o(i.SystemInit)
    i.UART0_IRQHandler                       0x000183fc   Section        0  uart.o(i.UART0_IRQHandler)
    i.adv_data_encode                        0x00018458   Section        0  ble_advdata.o(i.adv_data_encode)
    i.advdata_check                          0x00018614   Section        0  ble_advdata.o(i.advdata_check)
    advdata_check                            0x00018615   Thumb Code    20  ble_advdata.o(i.advdata_check)
    i.advertising_init                       0x00018628   Section        0  main.o(i.advertising_init)
    advertising_init                         0x00018629   Thumb Code   120  main.o(i.advertising_init)
    i.appearance_encode                      0x000186b0   Section        0  ble_advdata.o(i.appearance_encode)
    appearance_encode                        0x000186b1   Thumb Code    80  ble_advdata.o(i.appearance_encode)
    i.ble_advdata_set                        0x00018700   Section        0  ble_advdata.o(i.ble_advdata_set)
    i.ble_device_addr_encode                 0x00018788   Section        0  ble_advdata.o(i.ble_device_addr_encode)
    ble_device_addr_encode                   0x00018789   Thumb Code   108  ble_advdata.o(i.ble_device_addr_encode)
    i.conn_int_check                         0x000187f4   Section        0  ble_advdata.o(i.conn_int_check)
    conn_int_check                           0x000187f5   Thumb Code    88  ble_advdata.o(i.conn_int_check)
    i.conn_int_encode                        0x00018850   Section        0  ble_advdata.o(i.conn_int_encode)
    conn_int_encode                          0x00018851   Thumb Code   102  ble_advdata.o(i.conn_int_encode)
    i.flags_encode                           0x000188b6   Section        0  ble_advdata.o(i.flags_encode)
    flags_encode                             0x000188b7   Thumb Code    54  ble_advdata.o(i.flags_encode)
    i.is_disabled_in_debug_needed            0x000188ec   Section        0  system_nrf51_1.o(i.is_disabled_in_debug_needed)
    is_disabled_in_debug_needed              0x000188ed   Thumb Code    52  system_nrf51_1.o(i.is_disabled_in_debug_needed)
    i.is_manual_peripheral_setup_needed      0x00018924   Section        0  system_nrf51_1.o(i.is_manual_peripheral_setup_needed)
    is_manual_peripheral_setup_needed        0x00018925   Thumb Code   104  system_nrf51_1.o(i.is_manual_peripheral_setup_needed)
    i.is_peripheral_domain_setup_needed      0x00018990   Section        0  system_nrf51_1.o(i.is_peripheral_domain_setup_needed)
    is_peripheral_domain_setup_needed        0x00018991   Thumb Code    78  system_nrf51_1.o(i.is_peripheral_domain_setup_needed)
    i.le_role_encode                         0x000189e4   Section        0  ble_advdata.o(i.le_role_encode)
    le_role_encode                           0x000189e5   Thumb Code   106  ble_advdata.o(i.le_role_encode)
    i.main                                   0x00018a50   Section        0  main.o(i.main)
    i.manuf_specific_data_encode             0x00018ac0   Section        0  ble_advdata.o(i.manuf_specific_data_encode)
    manuf_specific_data_encode               0x00018ac1   Thumb Code   120  ble_advdata.o(i.manuf_specific_data_encode)
    i.name_encode                            0x00018b38   Section        0  ble_advdata.o(i.name_encode)
    name_encode                              0x00018b39   Thumb Code   194  ble_advdata.o(i.name_encode)
    i.nrf_gpio_cfg                           0x00018bfa   Section        0  uart.o(i.nrf_gpio_cfg)
    nrf_gpio_cfg                             0x00018bfb   Thumb Code    38  uart.o(i.nrf_gpio_cfg)
    i.nrf_gpio_cfg_output                    0x00018c20   Section        0  main.o(i.nrf_gpio_cfg_output)
    nrf_gpio_cfg_output                      0x00018c21   Thumb Code    48  main.o(i.nrf_gpio_cfg_output)
    i.nrf_uart_event_check                   0x00018c50   Section        0  uart.o(i.nrf_uart_event_check)
    nrf_uart_event_check                     0x00018c51   Thumb Code    16  uart.o(i.nrf_uart_event_check)
    i.nrf_uart_event_clear                   0x00018c60   Section        0  uart.o(i.nrf_uart_event_clear)
    nrf_uart_event_clear                     0x00018c61   Thumb Code     6  uart.o(i.nrf_uart_event_clear)
    i.nrf_uart_task_trigger                  0x00018c66   Section        0  uart.o(i.nrf_uart_task_trigger)
    nrf_uart_task_trigger                    0x00018c67   Thumb Code     6  uart.o(i.nrf_uart_task_trigger)
    i.sec_mgr_oob_flags_encode               0x00018c6c   Section        0  ble_advdata.o(i.sec_mgr_oob_flags_encode)
    sec_mgr_oob_flags_encode                 0x00018c6d   Thumb Code    54  ble_advdata.o(i.sec_mgr_oob_flags_encode)
    i.service_data_encode                    0x00018ca2   Section        0  ble_advdata.o(i.service_data_encode)
    service_data_encode                      0x00018ca3   Thumb Code   150  ble_advdata.o(i.service_data_encode)
    i.srdata_check                           0x00018d38   Section        0  ble_advdata.o(i.srdata_check)
    srdata_check                             0x00018d39   Thumb Code    16  ble_advdata.o(i.srdata_check)
    i.tk_value_encode                        0x00018d48   Section        0  ble_advdata.o(i.tk_value_encode)
    tk_value_encode                          0x00018d49   Thumb Code    70  ble_advdata.o(i.tk_value_encode)
    i.tx_power_level_encode                  0x00018d8e   Section        0  ble_advdata.o(i.tx_power_level_encode)
    tx_power_level_encode                    0x00018d8f   Thumb Code    54  ble_advdata.o(i.tx_power_level_encode)
    i.uartInit                               0x00018dc4   Section        0  uart.o(i.uartInit)
    i.uartTxChar                             0x00018e80   Section        0  uart.o(i.uartTxChar)
    i.uint16_encode                          0x00018ec4   Section        0  ble_advdata.o(i.uint16_encode)
    uint16_encode                            0x00018ec5   Thumb Code    18  ble_advdata.o(i.uint16_encode)
    i.uuid_list_encode                       0x00018ed6   Section        0  ble_advdata.o(i.uuid_list_encode)
    uuid_list_encode                         0x00018ed7   Thumb Code    68  ble_advdata.o(i.uuid_list_encode)
    i.uuid_list_sized_encode                 0x00018f1a   Section        0  ble_advdata.o(i.uuid_list_sized_encode)
    uuid_list_sized_encode                   0x00018f1b   Thumb Code   216  ble_advdata.o(i.uuid_list_sized_encode)
    .constdata                               0x00018ff4   Section        4  main.o(.constdata)
    .data                                    0x20002000   Section        1  uart.o(.data)
    .data                                    0x20002004   Section        4  system_nrf51_1.o(.data)
    __tagsym$$used                           0x20002004   Number         0  system_nrf51_1.o(.data)
    .bss                                     0x20002008   Section       96  libspace.o(.bss)
    HEAP                                     0x20002068   Section     2048  arm_startup_nrf51.o(HEAP)
    Heap_Mem                                 0x20002068   Data        2048  arm_startup_nrf51.o(HEAP)
    STACK                                    0x20002868   Section     2048  arm_startup_nrf51.o(STACK)
    Stack_Mem                                0x20002868   Data        2048  arm_startup_nrf51.o(STACK)
    __initial_sp                             0x20003068   Data           0  arm_startup_nrf51.o(STACK)

    Global Symbols

    Symbol Name                              Value     Ov Type        Size  Object(Section)

    BuildAttributes$$THM_ISAv3M$S$PE$A:L22$X:L11$S22$IEEE1$IW$USESV6$~STKCKD$USESV7$~SHL$OSPACE$ROPI$EBA8$UX$STANDARDLIB$REQ8$PRES8$EABIv2 0x00000000   Number         0  anon$$obj.o ABSOLUTE
    __ARM_use_no_argv                        0x00000000   Number         0  main.o ABSOLUTE
    __ARM_exceptions_init                     - Undefined Weak Reference
    __alloca_initialize                       - Undefined Weak Reference
    __arm_preinit_                            - Undefined Weak Reference
    __cpp_initialize__aeabi_                  - Undefined Weak Reference
    __cxa_finalize                            - Undefined Weak Reference
    __rt_locale                               - Undefined Weak Reference
    __sigvec_lookup                           - Undefined Weak Reference
    _atexit_init                              - Undefined Weak Reference
    _call_atexit_fns                          - Undefined Weak Reference
    _clock_init                               - Undefined Weak Reference
    _fp_trap_init                             - Undefined Weak Reference
    _fp_trap_shutdown                         - Undefined Weak Reference
    _get_lc_collate                           - Undefined Weak Reference
    _get_lc_ctype                             - Undefined Weak Reference
    _get_lc_monetary                          - Undefined Weak Reference
    _get_lc_numeric                           - Undefined Weak Reference
    _get_lc_time                              - Undefined Weak Reference
    _getenv_init                              - Undefined Weak Reference
    _handle_redirection                       - Undefined Weak Reference
    _init_alloc                               - Undefined Weak Reference
    _init_user_alloc                          - Undefined Weak Reference
    _initio                                   - Undefined Weak Reference
    _rand_init                                - Undefined Weak Reference
    _signal_finish                            - Undefined Weak Reference
    _signal_init                              - Undefined Weak Reference
    _terminate_alloc                          - Undefined Weak Reference
    _terminate_user_alloc                     - Undefined Weak Reference
    _terminateio                              - Undefined Weak Reference
    __Vectors_Size                           0x000000c0   Number         0  arm_startup_nrf51.o ABSOLUTE
    __Vectors                                0x00018000   Data           4  arm_startup_nrf51.o(RESET)
    __Vectors_End                            0x000180c0   Data           0  arm_startup_nrf51.o(RESET)
    __main                                   0x000180c1   Thumb Code     8  __main.o(!!!main)
    __scatterload                            0x000180c9   Thumb Code     0  __scatter.o(!!!scatter)
    __scatterload_rt2                        0x000180c9   Thumb Code    52  __scatter.o(!!!scatter)
    __scatterload_rt2_thumb_only             0x000180c9   Thumb Code     0  __scatter.o(!!!scatter)
    __scatterload_null                       0x000180d9   Thumb Code     0  __scatter.o(!!!scatter)
    __scatterload_copy                       0x00018105   Thumb Code    26  __scatter_copy.o(!!handler_copy)
    __scatterload_zeroinit                   0x00018121   Thumb Code    28  __scatter_zi.o(!!handler_zi)
    __rt_lib_init                            0x0001813d   Thumb Code     0  libinit.o(.ARM.Collect$$libinit$$00000000)
    __rt_lib_init_alloca_1                   0x0001813f   Thumb Code     0  libinit2.o(.ARM.Collect$$libinit$$0000002E)
    __rt_lib_init_argv_1                     0x0001813f   Thumb Code     0  libinit2.o(.ARM.Collect$$libinit$$0000002C)
    __rt_lib_init_atexit_1                   0x0001813f   Thumb Code     0  libinit2.o(.ARM.Collect$$libinit$$0000001B)
    __rt_lib_init_clock_1                    0x0001813f   Thumb Code     0  libinit2.o(.ARM.Collect$$libinit$$00000021)
    __rt_lib_init_cpp_1                      0x0001813f   Thumb Code     0  libinit2.o(.ARM.Collect$$libinit$$00000032)
    __rt_lib_init_exceptions_1               0x0001813f   Thumb Code     0  libinit2.o(.ARM.Collect$$libinit$$00000030)
    __rt_lib_init_fp_1                       0x0001813f   Thumb Code     0  libinit2.o(.ARM.Collect$$libinit$$00000002)
    __rt_lib_init_fp_trap_1                  0x0001813f   Thumb Code     0  libinit2.o(.ARM.Collect$$libinit$$0000001F)
    __rt_lib_init_getenv_1                   0x0001813f   Thumb Code     0  libinit2.o(.ARM.Collect$$libinit$$00000023)
    __rt_lib_init_heap_1                     0x0001813f   Thumb Code     0  libinit2.o(.ARM.Collect$$libinit$$0000000A)
    __rt_lib_init_lc_collate_1               0x0001813f   Thumb Code     0  libinit2.o(.ARM.Collect$$libinit$$00000011)
    __rt_lib_init_lc_ctype_1                 0x0001813f   Thumb Code     0  libinit2.o(.ARM.Collect$$libinit$$00000013)
    __rt_lib_init_lc_monetary_1              0x0001813f   Thumb Code     0  libinit2.o(.ARM.Collect$$libinit$$00000015)
    __rt_lib_init_lc_numeric_1               0x0001813f   Thumb Code     0  libinit2.o(.ARM.Collect$$libinit$$00000017)
    __rt_lib_init_lc_time_1                  0x0001813f   Thumb Code     0  libinit2.o(.ARM.Collect$$libinit$$00000019)
    __rt_lib_init_preinit_1                  0x0001813f   Thumb Code     0  libinit2.o(.ARM.Collect$$libinit$$00000004)
    __rt_lib_init_rand_1                     0x0001813f   Thumb Code     0  libinit2.o(.ARM.Collect$$libinit$$0000000E)
    __rt_lib_init_return                     0x0001813f   Thumb Code     0  libinit2.o(.ARM.Collect$$libinit$$00000033)
    __rt_lib_init_signal_1                   0x0001813f   Thumb Code     0  libinit2.o(.ARM.Collect$$libinit$$0000001D)
    __rt_lib_init_stdio_1                    0x0001813f   Thumb Code     0  libinit2.o(.ARM.Collect$$libinit$$00000025)
    __rt_lib_init_user_alloc_1               0x0001813f   Thumb Code     0  libinit2.o(.ARM.Collect$$libinit$$0000000C)
    __rt_lib_shutdown                        0x00018141   Thumb Code     0  libshutdown.o(.ARM.Collect$$libshutdown$$00000000)
    __rt_lib_shutdown_cpp_1                  0x00018143   Thumb Code     0  libshutdown2.o(.ARM.Collect$$libshutdown$$00000002)
    __rt_lib_shutdown_fp_trap_1              0x00018143   Thumb Code     0  libshutdown2.o(.ARM.Collect$$libshutdown$$00000007)
    __rt_lib_shutdown_heap_1                 0x00018143   Thumb Code     0  libshutdown2.o(.ARM.Collect$$libshutdown$$0000000F)
    __rt_lib_shutdown_return                 0x00018143   Thumb Code     0  libshutdown2.o(.ARM.Collect$$libshutdown$$00000010)
    __rt_lib_shutdown_signal_1               0x00018143   Thumb Code     0  libshutdown2.o(.ARM.Collect$$libshutdown$$0000000A)
    __rt_lib_shutdown_stdio_1                0x00018143   Thumb Code     0  libshutdown2.o(.ARM.Collect$$libshutdown$$00000004)
    __rt_lib_shutdown_user_alloc_1           0x00018143   Thumb Code     0  libshutdown2.o(.ARM.Collect$$libshutdown$$0000000C)
    __rt_entry                               0x00018145   Thumb Code     0  __rtentry.o(.ARM.Collect$$rtentry$$00000000)
    __rt_entry_presh_1                       0x00018145   Thumb Code     0  __rtentry2.o(.ARM.Collect$$rtentry$$00000002)
    __rt_entry_sh                            0x00018145   Thumb Code     0  __rtentry4.o(.ARM.Collect$$rtentry$$00000004)
    __rt_entry_li                            0x0001814b   Thumb Code     0  __rtentry2.o(.ARM.Collect$$rtentry$$0000000A)
    __rt_entry_postsh_1                      0x0001814b   Thumb Code     0  __rtentry2.o(.ARM.Collect$$rtentry$$00000009)
    __rt_entry_main                          0x0001814f   Thumb Code     0  __rtentry2.o(.ARM.Collect$$rtentry$$0000000D)
    __rt_entry_postli_1                      0x0001814f   Thumb Code     0  __rtentry2.o(.ARM.Collect$$rtentry$$0000000C)
    __rt_exit                                0x00018157   Thumb Code     0  rtexit.o(.ARM.Collect$$rtexit$$00000000)
    __rt_exit_ls                             0x00018159   Thumb Code     0  rtexit2.o(.ARM.Collect$$rtexit$$00000003)
    __rt_exit_prels_1                        0x00018159   Thumb Code     0  rtexit2.o(.ARM.Collect$$rtexit$$00000002)
    __rt_exit_exit                           0x0001815d   Thumb Code     0  rtexit2.o(.ARM.Collect$$rtexit$$00000004)
    __aeabi_memcpy4                          0x00018165   Thumb Code    56  rt_memcpy.o(.emb_text)
    __aeabi_memcpy8                          0x00018165   Thumb Code     0  rt_memcpy.o(.emb_text)
    Reset_Handler                            0x0001819d   Thumb Code    26  arm_startup_nrf51.o(.text)
    NMI_Handler                              0x000181b7   Thumb Code     2  arm_startup_nrf51.o(.text)
    HardFault_Handler                        0x000181b9   Thumb Code     2  arm_startup_nrf51.o(.text)
    SVC_Handler                              0x000181bb   Thumb Code     2  arm_startup_nrf51.o(.text)
    PendSV_Handler                           0x000181bd   Thumb Code     2  arm_startup_nrf51.o(.text)
    SysTick_Handler                          0x000181bf   Thumb Code     2  arm_startup_nrf51.o(.text)
    ADC_IRQHandler                           0x000181c1   Thumb Code     0  arm_startup_nrf51.o(.text)
    CCM_AAR_IRQHandler                       0x000181c1   Thumb Code     0  arm_startup_nrf51.o(.text)
    ECB_IRQHandler                           0x000181c1   Thumb Code     0  arm_startup_nrf51.o(.text)
    GPIOTE_IRQHandler                        0x000181c1   Thumb Code     0  arm_startup_nrf51.o(.text)
    LPCOMP_IRQHandler                        0x000181c1   Thumb Code     0  arm_startup_nrf51.o(.text)
    POWER_CLOCK_IRQHandler                   0x000181c1   Thumb Code     0  arm_startup_nrf51.o(.text)
    QDEC_IRQHandler                          0x000181c1   Thumb Code     0  arm_startup_nrf51.o(.text)
    RADIO_IRQHandler                         0x000181c1   Thumb Code     0  arm_startup_nrf51.o(.text)
    RNG_IRQHandler                           0x000181c1   Thumb Code     0  arm_startup_nrf51.o(.text)
    RTC0_IRQHandler                          0x000181c1   Thumb Code     0  arm_startup_nrf51.o(.text)
    RTC1_IRQHandler                          0x000181c1   Thumb Code     0  arm_startup_nrf51.o(.text)
    SPI0_TWI0_IRQHandler                     0x000181c1   Thumb Code     0  arm_startup_nrf51.o(.text)
    SPI1_TWI1_IRQHandler                     0x000181c1   Thumb Code     0  arm_startup_nrf51.o(.text)
    SWI0_IRQHandler                          0x000181c1   Thumb Code     0  arm_startup_nrf51.o(.text)
    SWI1_IRQHandler                          0x000181c1   Thumb Code     0  arm_startup_nrf51.o(.text)
    SWI2_IRQHandler                          0x000181c1   Thumb Code     0  arm_startup_nrf51.o(.text)
    SWI3_IRQHandler                          0x000181c1   Thumb Code     0  arm_startup_nrf51.o(.text)
    SWI4_IRQHandler                          0x000181c1   Thumb Code     0  arm_startup_nrf51.o(.text)
    SWI5_IRQHandler                          0x000181c1   Thumb Code     0  arm_startup_nrf51.o(.text)
    TEMP_IRQHandler                          0x000181c1   Thumb Code     0  arm_startup_nrf51.o(.text)
    TIMER0_IRQHandler                        0x000181c1   Thumb Code     0  arm_startup_nrf51.o(.text)
    TIMER1_IRQHandler                        0x000181c1   Thumb Code     0  arm_startup_nrf51.o(.text)
    TIMER2_IRQHandler                        0x000181c1   Thumb Code     0  arm_startup_nrf51.o(.text)
    WDT_IRQHandler                           0x000181c1   Thumb Code     0  arm_startup_nrf51.o(.text)
    __user_initial_stackheap                 0x000181c5   Thumb Code    10  arm_startup_nrf51.o(.text)
    __aeabi_memcpy                           0x000181f1   Thumb Code   130  rt_memcpy.o(.text)
    __rt_memcpy                              0x000181f1   Thumb Code     0  rt_memcpy.o(.text)
    _memset_w                                0x00018273   Thumb Code    26  rt_memclr.o(.text)
    _memset                                  0x0001828d   Thumb Code    30  rt_memclr.o(.text)
    __aeabi_memclr                           0x000182ab   Thumb Code     4  rt_memclr.o(.text)
    __rt_memclr                              0x000182ab   Thumb Code     0  rt_memclr.o(.text)
    __aeabi_memclr4                          0x000182af   Thumb Code     0  rt_memclr.o(.text)
    __aeabi_memclr8                          0x000182af   Thumb Code     0  rt_memclr.o(.text)
    __rt_memclr_w                            0x000182af   Thumb Code     4  rt_memclr.o(.text)
    __use_two_region_memory                  0x000182b3   Thumb Code     2  heapauxi.o(.text)
    __rt_heap_escrow$2region                 0x000182b5   Thumb Code     2  heapauxi.o(.text)
    __rt_heap_expand$2region                 0x000182b7   Thumb Code     2  heapauxi.o(.text)
    __user_setup_stackheap                   0x000182b9   Thumb Code    62  sys_stackheap_outer.o(.text)
    exit                                     0x000182f7   Thumb Code    16  exit.o(.text)
    __user_libspace                          0x00018309   Thumb Code     8  libspace.o(.text)
    __user_perproc_libspace                  0x00018309   Thumb Code     0  libspace.o(.text)
    __user_perthread_libspace                0x00018309   Thumb Code     0  libspace.o(.text)
    _sys_exit                                0x00018311   Thumb Code     8  sys_exit.o(.text)
    __I$use$semihosting                      0x0001831d   Thumb Code     0  use_no_semi.o(.text)
    __use_no_semihosting_swi                 0x0001831d   Thumb Code     2  use_no_semi.o(.text)
    __semihosting_library_function           0x0001831f   Thumb Code     0  indicate_semi.o(.text)
    SystemInit                               0x00018399   Thumb Code    76  system_nrf51_1.o(i.SystemInit)
    UART0_IRQHandler                         0x000183fd   Thumb Code    82  uart.o(i.UART0_IRQHandler)
    adv_data_encode                          0x00018459   Thumb Code   444  ble_advdata.o(i.adv_data_encode)
    ble_advdata_set                          0x00018701   Thumb Code   136  ble_advdata.o(i.ble_advdata_set)
    main                                     0x00018a51   Thumb Code   108  main.o(i.main)
    uartInit                                 0x00018dc5   Thumb Code   172  uart.o(i.uartInit)
    uartTxChar                               0x00018e81   Thumb Code    62  uart.o(i.uartTxChar)
    Region$$Table$$Base                      0x00018ff8   Number         0  anon$$obj.o(Region$$Table)
    Region$$Table$$Limit                     0x00019018   Number         0  anon$$obj.o(Region$$Table)
    uart_data                                0x20002000   Data           1  uart.o(.data)
    SystemCoreClock                          0x20002004   Data           4  system_nrf51_1.o(.data)
    __libspace_start                         0x20002008   Data          96  libspace.o(.bss)
    __temporary_stack_top$libspace           0x20002068   Data           0  libspace.o(.bss)



==============================================================================

Memory Map of the image

  Image Entry point : 0x000180c1

  Load Region LR_IROM1 (Base: 0x00018000, Size: 0x00001020, Max: 0x00040000, ABSOLUTE)

    Execution Region ER_IROM1 (Base: 0x00018000, Size: 0x00001018, Max: 0x00040000, ABSOLUTE)

    Base Addr    Size         Type   Attr      Idx    E Section Name        Object

    0x00018000   0x000000c0   Data   RO          383    RESET               arm_startup_nrf51.o
    0x000180c0   0x00000008   Code   RO          451  * !!!main             c_p.l(__main.o)
    0x000180c8   0x0000003c   Code   RO          610    !!!scatter          c_p.l(__scatter.o)
    0x00018104   0x0000001a   Code   RO          612    !!handler_copy      c_p.l(__scatter_copy.o)
    0x0001811e   0x00000002   PAD
    0x00018120   0x0000001c   Code   RO          614    !!handler_zi        c_p.l(__scatter_zi.o)
    0x0001813c   0x00000002   Code   RO          479    .ARM.Collect$$libinit$$00000000  c_p.l(libinit.o)
    0x0001813e   0x00000000   Code   RO          487    .ARM.Collect$$libinit$$00000002  c_p.l(libinit2.o)
    0x0001813e   0x00000000   Code   RO          489    .ARM.Collect$$libinit$$00000004  c_p.l(libinit2.o)
    0x0001813e   0x00000000   Code   RO          492    .ARM.Collect$$libinit$$0000000A  c_p.l(libinit2.o)
    0x0001813e   0x00000000   Code   RO          494    .ARM.Collect$$libinit$$0000000C  c_p.l(libinit2.o)
    0x0001813e   0x00000000   Code   RO          496    .ARM.Collect$$libinit$$0000000E  c_p.l(libinit2.o)
    0x0001813e   0x00000000   Code   RO          499    .ARM.Collect$$libinit$$00000011  c_p.l(libinit2.o)
    0x0001813e   0x00000000   Code   RO          501    .ARM.Collect$$libinit$$00000013  c_p.l(libinit2.o)
    0x0001813e   0x00000000   Code   RO          503    .ARM.Collect$$libinit$$00000015  c_p.l(libinit2.o)
    0x0001813e   0x00000000   Code   RO          505    .ARM.Collect$$libinit$$00000017  c_p.l(libinit2.o)
    0x0001813e   0x00000000   Code   RO          507    .ARM.Collect$$libinit$$00000019  c_p.l(libinit2.o)
    0x0001813e   0x00000000   Code   RO          509    .ARM.Collect$$libinit$$0000001B  c_p.l(libinit2.o)
    0x0001813e   0x00000000   Code   RO          511    .ARM.Collect$$libinit$$0000001D  c_p.l(libinit2.o)
    0x0001813e   0x00000000   Code   RO          513    .ARM.Collect$$libinit$$0000001F  c_p.l(libinit2.o)
    0x0001813e   0x00000000   Code   RO          515    .ARM.Collect$$libinit$$00000021  c_p.l(libinit2.o)
    0x0001813e   0x00000000   Code   RO          517    .ARM.Collect$$libinit$$00000023  c_p.l(libinit2.o)
    0x0001813e   0x00000000   Code   RO          519    .ARM.Collect$$libinit$$00000025  c_p.l(libinit2.o)
    0x0001813e   0x00000000   Code   RO          523    .ARM.Collect$$libinit$$0000002C  c_p.l(libinit2.o)
    0x0001813e   0x00000000   Code   RO          525    .ARM.Collect$$libinit$$0000002E  c_p.l(libinit2.o)
    0x0001813e   0x00000000   Code   RO          527    .ARM.Collect$$libinit$$00000030  c_p.l(libinit2.o)
    0x0001813e   0x00000000   Code   RO          529    .ARM.Collect$$libinit$$00000032  c_p.l(libinit2.o)
    0x0001813e   0x00000002   Code   RO          530    .ARM.Collect$$libinit$$00000033  c_p.l(libinit2.o)
    0x00018140   0x00000002   Code   RO          550    .ARM.Collect$$libshutdown$$00000000  c_p.l(libshutdown.o)
    0x00018142   0x00000000   Code   RO          563    .ARM.Collect$$libshutdown$$00000002  c_p.l(libshutdown2.o)
    0x00018142   0x00000000   Code   RO          565    .ARM.Collect$$libshutdown$$00000004  c_p.l(libshutdown2.o)
    0x00018142   0x00000000   Code   RO          568    .ARM.Collect$$libshutdown$$00000007  c_p.l(libshutdown2.o)
    0x00018142   0x00000000   Code   RO          571    .ARM.Collect$$libshutdown$$0000000A  c_p.l(libshutdown2.o)
    0x00018142   0x00000000   Code   RO          573    .ARM.Collect$$libshutdown$$0000000C  c_p.l(libshutdown2.o)
    0x00018142   0x00000000   Code   RO          576    .ARM.Collect$$libshutdown$$0000000F  c_p.l(libshutdown2.o)
    0x00018142   0x00000002   Code   RO          577    .ARM.Collect$$libshutdown$$00000010  c_p.l(libshutdown2.o)
    0x00018144   0x00000000   Code   RO          453    .ARM.Collect$$rtentry$$00000000  c_p.l(__rtentry.o)
    0x00018144   0x00000000   Code   RO          455    .ARM.Collect$$rtentry$$00000002  c_p.l(__rtentry2.o)
    0x00018144   0x00000006   Code   RO          467    .ARM.Collect$$rtentry$$00000004  c_p.l(__rtentry4.o)
    0x0001814a   0x00000000   Code   RO          457    .ARM.Collect$$rtentry$$00000009  c_p.l(__rtentry2.o)
    0x0001814a   0x00000004   Code   RO          458    .ARM.Collect$$rtentry$$0000000A  c_p.l(__rtentry2.o)
    0x0001814e   0x00000000   Code   RO          460    .ARM.Collect$$rtentry$$0000000C  c_p.l(__rtentry2.o)
    0x0001814e   0x00000008   Code   RO          461    .ARM.Collect$$rtentry$$0000000D  c_p.l(__rtentry2.o)
    0x00018156   0x00000002   Code   RO          484    .ARM.Collect$$rtexit$$00000000  c_p.l(rtexit.o)
    0x00018158   0x00000000   Code   RO          532    .ARM.Collect$$rtexit$$00000002  c_p.l(rtexit2.o)
    0x00018158   0x00000004   Code   RO          533    .ARM.Collect$$rtexit$$00000003  c_p.l(rtexit2.o)
    0x0001815c   0x00000006   Code   RO          534    .ARM.Collect$$rtexit$$00000004  c_p.l(rtexit2.o)
    0x00018162   0x00000002   PAD
    0x00018164   0x00000038   Code   RO          443    .emb_text           c_p.l(rt_memcpy.o)
    0x0001819c   0x00000054   Code   RO          384    .text               arm_startup_nrf51.o
    0x000181f0   0x00000082   Code   RO          444    .text               c_p.l(rt_memcpy.o)
    0x00018272   0x00000040   Code   RO          447    .text               c_p.l(rt_memclr.o)
    0x000182b2   0x00000006   Code   RO          449    .text               c_p.l(heapauxi.o)
    0x000182b8   0x0000003e   Code   RO          469    .text               c_p.l(sys_stackheap_outer.o)
    0x000182f6   0x00000010   Code   RO          472    .text               c_p.l(exit.o)
    0x00018306   0x00000002   PAD
    0x00018308   0x00000008   Code   RO          480    .text               c_p.l(libspace.o)
    0x00018310   0x0000000c   Code   RO          542    .text               c_p.l(sys_exit.o)
    0x0001831c   0x00000002   Code   RO          553    .text               c_p.l(use_no_semi.o)
    0x0001831e   0x00000000   Code   RO          555    .text               c_p.l(indicate_semi.o)
    0x0001831e   0x00000002   PAD
    0x00018320   0x00000078   Code   RO          184    i.NVIC_SetPriority  uart.o
    0x00018398   0x00000064   Code   RO          391    i.SystemInit        system_nrf51_1.o
    0x000183fc   0x0000005c   Code   RO          185    i.UART0_IRQHandler  uart.o
    0x00018458   0x000001bc   Code   RO          266    i.adv_data_encode   ble_advdata.o
    0x00018614   0x00000014   Code   RO          267    i.advdata_check     ble_advdata.o
    0x00018628   0x00000088   Code   RO            3    i.advertising_init  main.o
    0x000186b0   0x00000050   Code   RO          268    i.appearance_encode  ble_advdata.o
    0x00018700   0x00000088   Code   RO          269    i.ble_advdata_set   ble_advdata.o
    0x00018788   0x0000006c   Code   RO          270    i.ble_device_addr_encode  ble_advdata.o
    0x000187f4   0x0000005c   Code   RO          271    i.conn_int_check    ble_advdata.o
    0x00018850   0x00000066   Code   RO          272    i.conn_int_encode   ble_advdata.o
    0x000188b6   0x00000036   Code   RO          273    i.flags_encode      ble_advdata.o
    0x000188ec   0x00000038   Code   RO          392    i.is_disabled_in_debug_needed  system_nrf51_1.o
    0x00018924   0x0000006c   Code   RO          393    i.is_manual_peripheral_setup_needed  system_nrf51_1.o
    0x00018990   0x00000054   Code   RO          394    i.is_peripheral_domain_setup_needed  system_nrf51_1.o
    0x000189e4   0x0000006a   Code   RO          274    i.le_role_encode    ble_advdata.o
    0x00018a4e   0x00000002   PAD
    0x00018a50   0x00000070   Code   RO            4    i.main              main.o
    0x00018ac0   0x00000078   Code   RO          275    i.manuf_specific_data_encode  ble_advdata.o
    0x00018b38   0x000000c2   Code   RO          276    i.name_encode       ble_advdata.o
    0x00018bfa   0x00000026   Code   RO          186    i.nrf_gpio_cfg      uart.o
    0x00018c20   0x00000030   Code   RO            5    i.nrf_gpio_cfg_output  main.o
    0x00018c50   0x00000010   Code   RO          187    i.nrf_uart_event_check  uart.o
    0x00018c60   0x00000006   Code   RO          188    i.nrf_uart_event_clear  uart.o
    0x00018c66   0x00000006   Code   RO          189    i.nrf_uart_task_trigger  uart.o
    0x00018c6c   0x00000036   Code   RO          277    i.sec_mgr_oob_flags_encode  ble_advdata.o
    0x00018ca2   0x00000096   Code   RO          278    i.service_data_encode  ble_advdata.o
    0x00018d38   0x00000010   Code   RO          279    i.srdata_check      ble_advdata.o
    0x00018d48   0x00000046   Code   RO          280    i.tk_value_encode   ble_advdata.o
    0x00018d8e   0x00000036   Code   RO          281    i.tx_power_level_encode  ble_advdata.o
    0x00018dc4   0x000000bc   Code   RO          190    i.uartInit          uart.o
    0x00018e80   0x00000044   Code   RO          192    i.uartTxChar        uart.o
    0x00018ec4   0x00000012   Code   RO          282    i.uint16_encode     ble_advdata.o
    0x00018ed6   0x00000044   Code   RO          283    i.uuid_list_encode  ble_advdata.o
    0x00018f1a   0x000000d8   Code   RO          284    i.uuid_list_sized_encode  ble_advdata.o
    0x00018ff2   0x00000002   PAD
    0x00018ff4   0x00000004   Data   RO            6    .constdata          main.o
    0x00018ff8   0x00000020   Data   RO          608    Region$$Table       anon$$obj.o


    Execution Region RW_IRAM1 (Base: 0x20002000, Size: 0x00001068, Max: 0x00008000, ABSOLUTE)

    Base Addr    Size         Type   Attr      Idx    E Section Name        Object

    0x20002000   0x00000001   Data   RW          194    .data               uart.o
    0x20002001   0x00000003   PAD
    0x20002004   0x00000004   Data   RW          395    .data               system_nrf51_1.o
    0x20002008   0x00000060   Zero   RW          481    .bss                c_p.l(libspace.o)
    0x20002068   0x00000800   Zero   RW          382    HEAP                arm_startup_nrf51.o
    0x20002868   0x00000800   Zero   RW          381    STACK               arm_startup_nrf51.o


==============================================================================

Image component sizes


      Code (inc. data)   RO Data    RW Data    ZI Data      Debug   Object Name

        84         36        192          0       4096        680   arm_startup_nrf51.o
      2102          4          0          0          0      19964   ble_advdata.o
       296         20          4          0          0      58575   main.o
       348         38          0          4          0       2167   system_nrf51_1.o
       534         42          0          1          0      16415   uart.o

    ----------------------------------------------------------------------
      3368        140        228          8       4096      97801   Object Totals
         0          0         32          0          0          0   (incl. Generated)
         4          0          0          3          0          0   (incl. Padding)

    ----------------------------------------------------------------------

      Code (inc. data)   RO Data    RW Data    ZI Data      Debug   Library Member Name

         8          0          0          0          0         68   __main.o
         0          0          0          0          0          0   __rtentry.o
        12          0          0          0          0          0   __rtentry2.o
         6          0          0          0          0          0   __rtentry4.o
        60          8          0          0          0          0   __scatter.o
        26          0          0          0          0          0   __scatter_copy.o
        28          0          0          0          0          0   __scatter_zi.o
        16          0          0          0          0         68   exit.o
         6          0          0          0          0        136   heapauxi.o
         0          0          0          0          0          0   indicate_semi.o
         2          0          0          0          0          0   libinit.o
         2          0          0          0          0          0   libinit2.o
         2          0          0          0          0          0   libshutdown.o
         2          0          0          0          0          0   libshutdown2.o
         8          4          0          0         96         68   libspace.o
        64          0          0          0          0        108   rt_memclr.o
       186          0          0          0          0        144   rt_memcpy.o
         2          0          0          0          0          0   rtexit.o
        10          0          0          0          0          0   rtexit2.o
        12          4          0          0          0         60   sys_exit.o
        62          0          0          0          0         80   sys_stackheap_outer.o
         2          0          0          0          0         68   use_no_semi.o

    ----------------------------------------------------------------------
       524         16          0          0         96        800   Library Totals
         8          0          0          0          0          0   (incl. Padding)

    ----------------------------------------------------------------------

      Code (inc. data)   RO Data    RW Data    ZI Data      Debug   Library Name

       516         16          0          0         96        800   c_p.l

    ----------------------------------------------------------------------
       524         16          0          0         96        800   Library Totals

    ----------------------------------------------------------------------

==============================================================================


      Code (inc. data)   RO Data    RW Data    ZI Data      Debug   

      3892        156        228          8       4192      96873   Grand Totals
      3892        156        228          8       4192      96873   ELF Image Totals
      3892        156        228          8          0          0   ROM Totals

==============================================================================

    Total RO  Size (Code + RO Data)                 4120 (   4.02kB)
    Total RW  Size (RW Data + ZI Data)              4200 (   4.10kB)
    Total ROM Size (Code + RO Data + RW Data)       4128 (   4.03kB)

==============================================================================

